Command: ['/private/tmp/statsplus-145/final-review-spec/.venv/bin/python', '-m', 'pytest', 'tests/test_errors.py::test_game_logs_published_values_are_bounded', '-o', 'addopts=', '-p', 'no:cacheprovider', '-v', '--tb=short', '--junitxml=/tmp/statsplus-145/final-spec-mutation-08-no-value-cap.xml']
Offline guard: sitecustomize disables socket connection and DNS; fixtures inject provider dependencies.
============================= test session starts ==============================
platform darwin -- Python 3.11.9, pytest-9.1.1, pluggy-1.6.0 -- /private/tmp/statsplus-145/final-review-spec/.venv/bin/python
rootdir: /private/tmp/statsplus-145/final-review-spec
configfile: pytest.ini
plugins: mock-3.15.1, cov-7.1.0, xdist-3.8.0, anyio-4.14.2
collecting ... collected 1 item

tests/test_errors.py::test_game_logs_published_values_are_bounded FAILED [100%]

=================================== FAILURES ===================================
_________________ test_game_logs_published_values_are_bounded __________________
tests/test_errors.py:443: in test_game_logs_published_values_are_bounded
    assert rejected == {"teams_against": ["A" * 200]}
E   AssertionError: assert {'teams_again...AAAAAAAAAAA']} == {'teams_again...AAAAAAAAAAA']}
E     
E     Differing items:
E     {'teams_against': ['AAAAAAAAAAAAAAAAAAAAAAAAAAAAAAAAAAAAAAAAAAAAAAAAAAAAAAAAAAAAAAAAAAAAAAAAAAAAAAAAAAAAAAAAAAAAAAAAAA...AAAAAAAAAAAAAAAAAAAAAAAAAAAAAAAAAAAAAAAAAAAAAAAAAAAAAAAAAAAAAAAAAAAAAAAAAAAAAAAAAAAAAAAAAAAAAAAAAAAAAAAAAAAAAAAAAAAA']} != {'teams_against': ['AAAAAAAAAAAAAAAAAAAAAAAAAAAAAAAAAAAAAAAAAAAAAAAAAAAAAAAAAAAAAAAAAAAAAAAAAAAAAAAAAAAAAAAAAAAAAAAAAAAAAAAAAAAAAAAAAAAAAAAAAAAAAAAAAAAAAAAAAAAAAAAAAAAAAAAAAAAAAAAAAAAAAAAAAAAAAAAAAAAAAAAAAAAAAAAAAAAAAAAA']}
E     
E     Full diff:
E       {
E           'teams_against': [...
E     
E     ...Full output truncated (5 lines hidden), use '-vv' to show
------------------------------ Captured log call -------------------------------
WARNING  app.utils.firebase_admin:firebase_admin.py:31 Firebase Admin disabled via FIREBASE_ADMIN_DISABLED - local dev only
WARNING  app.utils.auth:auth.py:229 Firebase unavailable; using explicitly enabled local auth bypass
ERROR    app.errors:errors.py:157 Application error code=invalid_input detail=1 validation error for GameLogQuery
teams_against
  Value error, teams_against contains unsupported filters: ['AAAAAAAAAAAAAAAAAAAAAAAAAAAAAAAAAAAAAAAAAAAAAAAAAAAAAAAAAAAAAAAAAAAAAAAAAAAAAAAAAAAAAAAAAAAAAAAAAAAAAAAAAAAAAAAAAAAAAAAAAAAAAAAAAAAAAAAAAAAAAAAAAAAAAAAAAAAAAAAAAAAAAAAAAAAAAAAAAAAAAAAAAAAAAAAAAAAAAAAAAAAAAAAAAAAAAAAAAAAAAAAAAAAAAAAAAAAAAAAAAAAAAAAAAAAAAAAAAAAAAAAAAAAAAAAAAAAAAAAAAAAAAAAAAAAAAAAAAAAA']. Supported filters are: OPP_PTS, OPP_REB, OPP_AST, OPP_STOCKS, OPP_FTA, OPP_TOV, OPP_BLK, OPP_STL, OPP_FG3M, OPP_FG3A, C&S 3s, C&S PTS, C&S 3A, PU 2s, PU 3s, PU PTS, Less Than 10 ft, Transition, Isolation, PRBallHandler, PRRollMan, OffRebound, Spotup, Cut, Handoff, OffScreen, Misc, Postup, TwoPtAssists, ThreePtAssists, Arc3Assists, Corner3Assists, AtRimAssists, ShortMidRangeAssists, LongMidRangeAssists [type=value_error, input_value=['AAAAAAAAAAAAAAAAAAAAAAA...AAAAAAAAAAAAAAAAAAAAAA'], input_type=list]
    For further information visit https://errors.pydantic.dev/2.13/v/value_error
- generated xml file: /tmp/statsplus-145/final-spec-mutation-08-no-value-cap.xml -
=========================== short test summary info ============================
FAILED tests/test_errors.py::test_game_logs_published_values_are_bounded - As...
============================== 1 failed in 1.16s ===============================
