Command: /private/tmp/statsplus-145/final-review-standards/.venv/bin/python -m pytest -o addopts= -p no:cacheprovider -v --tb=short tests/test_errors.py::test_game_logs_rejected_self_filter_zero_bound_survives
Network: socket guard; no bytecode/cache writes
============================= test session starts ==============================
platform darwin -- Python 3.11.9, pytest-9.1.1, pluggy-1.6.0 -- /private/tmp/statsplus-145/final-review-standards/.venv/bin/python
rootdir: /private/tmp/statsplus-145/final-review-standards
configfile: pytest.ini
plugins: mock-3.15.1, cov-7.1.0, xdist-3.8.0, anyio-4.14.2
collecting ... collected 1 item

tests/test_errors.py::test_game_logs_rejected_self_filter_zero_bound_survives FAILED [100%]

=================================== FAILURES ===================================
___________ test_game_logs_rejected_self_filter_zero_bound_survives ____________
tests/test_errors.py:413: in test_game_logs_rejected_self_filter_zero_bound_survives
    assert rejected == {"self_filters[PTS]": ["2", "0"]}
E   AssertionError: assert {'self_filters[PTS]': ['2']} == {'self_filter...': ['2', '0']}
E     
E     Differing items:
E     {'self_filters[PTS]': ['2']} != {'self_filters[PTS]': ['2', '0']}
E     
E     Full diff:
E       {
E           'self_filters[PTS]': [...
E     
E     ...Full output truncated (4 lines hidden), use '-vv' to show
------------------------------ Captured log call -------------------------------
WARNING  app.utils.firebase_admin:firebase_admin.py:31 Firebase Admin disabled via FIREBASE_ADMIN_DISABLED - local dev only
WARNING  app.utils.auth:auth.py:229 Firebase unavailable; using explicitly enabled local auth bypass
ERROR    app.errors:errors.py:157 Application error code=invalid_input detail=1 validation error for GameLogQuery
self_filters
  Value error, between self_filter value must not exceed value2 [type=value_error, input_value={'stat': 'PTS', 'operator...ue': '2', 'value2': '0'}, input_type=dict]
    For further information visit https://errors.pydantic.dev/2.13/v/value_error
=========================== short test summary info ============================
FAILED tests/test_errors.py::test_game_logs_rejected_self_filter_zero_bound_survives
============================== 1 failed in 1.65s ===============================
