Worktree: /private/tmp/statsplus-145/resumed-review-spec
Command: ['/private/tmp/statsplus-145/resumed-review-spec/.venv/bin/python', '-B', '-m', 'pytest', '-p', 'offline_guard', '-q', '--tb=short', '--junitxml=/private/tmp/statsplus-145/resumed-review-spec/.review-spec/21-context.xml', 'tests/test_errors.py::test_game_logs_details_never_leak_pydantic_context_or_inputs']
============================= test session starts ==============================
platform darwin -- Python 3.11.9, pytest-9.1.1, pluggy-1.6.0
rootdir: /private/tmp/statsplus-145/resumed-review-spec
configfile: pytest.ini
plugins: mock-3.15.1, cov-7.1.0, xdist-3.8.0, anyio-4.14.2
collected 1 item

tests/test_errors.py F                                                   [100%]

=================================== FAILURES ===================================
_________ test_game_logs_details_never_leak_pydantic_context_or_inputs _________
tests/test_errors.py:514: in test_game_logs_details_never_leak_pydantic_context_or_inputs
    assert "pydantic" not in body
E   assert 'pydantic' not in '{"error":{"...nvalid."}}\n'
E     
E     'pydantic' is contained here:
E       ://errors.pydantic.dev/2.13/v/date_from_datetime_parsing\nteams_against\n  Value error, teams_against contains unsupported filters: ['NotAFilter']. Supported filters are: OPP_PTS, OPP_REB, OPP_AST, OPP_STOCKS, OPP_FTA, OPP_TOV, OPP_BLK, OPP_STL, OPP_FG3M, OPP_FG3A, C&S 3s, C&S PTS, C&S 3A, PU 2s, PU 3s, PU PTS, Less Than 10 ft, Transition, Isolation, PRBallHandler, PRRollMan, OffRebound, Spotup, Cut, Handoff, OffScreen, Misc, Postup, TwoPtAssists, ThreePtAssists, Arc3Assists, Corner3Assists, AtRimAssists, ShortMidRangeAssists, LongMidRangeAssists [type=valu...
E     
E     ...Full output truncated (2 lines hidden), use '-vv' to show
------------------------------ Captured log call -------------------------------
WARNING  app.utils.firebase_admin:firebase_admin.py:31 Firebase Admin disabled via FIREBASE_ADMIN_DISABLED - local dev only
WARNING  app.utils.auth:auth.py:229 Firebase unavailable; using explicitly enabled local auth bypass
ERROR    app.errors:errors.py:157 Application error code=invalid_input detail=2 validation errors for GameLogQuery
date_filter
  Input should be a valid date or datetime, invalid character in year [type=date_from_datetime_parsing, input_value='not-a-date', input_type=str]
    For further information visit https://errors.pydantic.dev/2.13/v/date_from_datetime_parsing
teams_against
  Value error, teams_against contains unsupported filters: ['NotAFilter']. Supported filters are: OPP_PTS, OPP_REB, OPP_AST, OPP_STOCKS, OPP_FTA, OPP_TOV, OPP_BLK, OPP_STL, OPP_FG3M, OPP_FG3A, C&S 3s, C&S PTS, C&S 3A, PU 2s, PU 3s, PU PTS, Less Than 10 ft, Transition, Isolation, PRBallHandler, PRRollMan, OffRebound, Spotup, Cut, Handoff, OffScreen, Misc, Postup, TwoPtAssists, ThreePtAssists, Arc3Assists, Corner3Assists, AtRimAssists, ShortMidRangeAssists, LongMidRangeAssists [type=value_error, input_value=['NotAFilter'], input_type=list]
    For further information visit https://errors.pydantic.dev/2.13/v/value_error
- generated xml file: /private/tmp/statsplus-145/resumed-review-spec/.review-spec/21-context.xml -
=========================== short test summary info ============================
FAILED tests/test_errors.py::test_game_logs_details_never_leak_pydantic_context_or_inputs
============================== 1 failed in 0.54s ===============================

EXACT MUTATION AGAINST CANDIDATE
--- app/routes/game_routes.py (candidate)
+++ app/routes/game_routes.py (mutant)
@@ -199,7 +199,7 @@
             failed_filters.append(facts)
     if not failed_filters:
         return None
-    return {"filters": failed_filters}
+    return {"filters": failed_filters, "diagnostic": str(error)}
 
 
 @game_bp.route('/game_logs', methods=['GET'])
