Worktree: /private/tmp/statsplus-145/resumed-review-spec
Command: ['/private/tmp/statsplus-145/resumed-review-spec/.venv/bin/python', '-B', '-m', 'pytest', '-p', 'offline_guard', '-q', '--tb=short', '--junitxml=/private/tmp/statsplus-145/resumed-review-spec/.review-spec/07-alignment.xml', 'tests/test_errors.py::test_game_logs_model_level_alignment_failure_names_submitted_values']
============================= test session starts ==============================
platform darwin -- Python 3.11.9, pytest-9.1.1, pluggy-1.6.0
rootdir: /private/tmp/statsplus-145/resumed-review-spec
configfile: pytest.ini
plugins: mock-3.15.1, cov-7.1.0, xdist-3.8.0, anyio-4.14.2
collected 1 item

tests/test_errors.py F                                                   [100%]

=================================== FAILURES ===================================
_____ test_game_logs_model_level_alignment_failure_names_submitted_values ______
tests/test_errors.py:313: in test_game_logs_model_level_alignment_failure_names_submitted_values
    rejected = _rejected_filters(response.get_json()["error"]["details"])
                                 ^^^^^^^^^^^^^^^^^^^^^^^^^^^^^^^^^^^^^^^
E   KeyError: 'details'
------------------------------ Captured log call -------------------------------
WARNING  app.utils.firebase_admin:firebase_admin.py:31 Firebase Admin disabled via FIREBASE_ADMIN_DISABLED - local dev only
WARNING  app.utils.auth:auth.py:229 Firebase unavailable; using explicitly enabled local auth bypass
ERROR    app.errors:errors.py:157 Application error code=invalid_input detail=1 validation error for GameLogQuery
  Value error, rank_filter must contain one rank per teams_against filter [type=value_error, input_value={'season_filter': '2025-2...0'], 'self_filters': []}, input_type=dict]
    For further information visit https://errors.pydantic.dev/2.13/v/value_error
- generated xml file: /private/tmp/statsplus-145/resumed-review-spec/.review-spec/07-alignment.xml -
=========================== short test summary info ============================
FAILED tests/test_errors.py::test_game_logs_model_level_alignment_failure_names_submitted_values
============================== 1 failed in 0.51s ===============================

EXACT MUTATION AGAINST CANDIDATE
--- app/models/game_logs.py (candidate)
+++ app/models/game_logs.py (mutant)
@@ -534,11 +534,7 @@
     @model_validator(mode="after")
     def _check_rank_alignment(self) -> "GameLogQuery":
         if self.teams_against and len(self.teams_against) != len(self.rank_filter):
-            raise GameLogFilterError(
-                "rank_filter",
-                tuple(self.rank_filter),
-                "rank_filter must contain one rank per teams_against filter",
-            )
+            raise ValueError("rank_filter must contain one rank per teams_against filter")
         if self.minutes_filter[0] > self.minutes_filter[1]:
             raise GameLogFilterError(
                 "minutes_filter",
