Worktree: /private/tmp/statsplus-145/resumed-review-spec
Command: ['/private/tmp/statsplus-145/resumed-review-spec/.venv/bin/python', '-B', '-m', 'pytest', '-p', 'offline_guard', '-q', '--tb=short', '--junitxml=/private/tmp/statsplus-145/resumed-review-spec/.review-spec/13-mixed-native.xml', 'tests/test_errors.py::test_game_logs_known_failures_survive_other_unknown_failures']
============================= test session starts ==============================
platform darwin -- Python 3.11.9, pytest-9.1.1, pluggy-1.6.0
rootdir: /private/tmp/statsplus-145/resumed-review-spec
configfile: pytest.ini
plugins: mock-3.15.1, cov-7.1.0, xdist-3.8.0, anyio-4.14.2
collected 1 item

tests/test_errors.py F                                                   [100%]

=================================== FAILURES ===================================
_________ test_game_logs_known_failures_survive_other_unknown_failures _________
tests/test_errors.py:379: in test_game_logs_known_failures_survive_other_unknown_failures
    rejected = _rejected_filters(response.get_json()["error"]["details"])
                                 ^^^^^^^^^^^^^^^^^^^^^^^^^^^^^^^^^^^^^^^
E   KeyError: 'details'
------------------------------ Captured log call -------------------------------
WARNING  app.utils.firebase_admin:firebase_admin.py:31 Firebase Admin disabled via FIREBASE_ADMIN_DISABLED - local dev only
WARNING  app.utils.auth:auth.py:229 Firebase unavailable; using explicitly enabled local auth bypass
ERROR    app.errors:errors.py:157 Application error code=invalid_input detail=2 validation errors for GameLogQuery
date_filter
  Input should be a valid date or datetime, invalid character in year [type=date_from_datetime_parsing, input_value='not-a-date', input_type=str]
    For further information visit https://errors.pydantic.dev/2.13/v/date_from_datetime_parsing
teams_against
  Value error, teams_against contains unsupported filters: ['NotAFilter']. Supported filters are: OPP_PTS, OPP_REB, OPP_AST, OPP_STOCKS, OPP_FTA, OPP_TOV, OPP_BLK, OPP_STL, OPP_FG3M, OPP_FG3A, C&S 3s, C&S PTS, C&S 3A, PU 2s, PU 3s, PU PTS, Less Than 10 ft, Transition, Isolation, PRBallHandler, PRRollMan, OffRebound, Spotup, Cut, Handoff, OffScreen, Misc, Postup, TwoPtAssists, ThreePtAssists, Arc3Assists, Corner3Assists, AtRimAssists, ShortMidRangeAssists, LongMidRangeAssists [type=value_error, input_value=['NotAFilter'], input_type=list]
    For further information visit https://errors.pydantic.dev/2.13/v/value_error
- generated xml file: /private/tmp/statsplus-145/resumed-review-spec/.review-spec/13-mixed-native.xml -
=========================== short test summary info ============================
FAILED tests/test_errors.py::test_game_logs_known_failures_survive_other_unknown_failures
============================== 1 failed in 0.51s ===============================

EXACT MUTATION AGAINST CANDIDATE
--- app/routes/game_routes.py (candidate)
+++ app/routes/game_routes.py (mutant)
@@ -194,6 +194,8 @@
     failed_filters = []
     for validation_error in error.errors():
         cause = (validation_error.get("ctx") or {}).get("error")
+        if not isinstance(cause, GameLogFilterError):
+            return None
         facts = _game_log_rejected_filter(cause, validation_error, filters)
         if facts is not None:
             failed_filters.append(facts)
