Worktree: /private/tmp/statsplus-145/resumed-review-spec
Command: ['/private/tmp/statsplus-145/resumed-review-spec/.venv/bin/python', '-B', '-m', 'pytest', '-p', 'offline_guard', '-q', '--tb=short', '--junitxml=/private/tmp/statsplus-145/resumed-review-spec/.review-spec/20-identifiable.xml', 'tests/test_errors.py::test_game_logs_rejected_values_stay_identifiable']
============================= test session starts ==============================
platform darwin -- Python 3.11.9, pytest-9.1.1, pluggy-1.6.0
rootdir: /private/tmp/statsplus-145/resumed-review-spec
configfile: pytest.ini
plugins: mock-3.15.1, cov-7.1.0, xdist-3.8.0, anyio-4.14.2
collected 1 item

tests/test_errors.py F                                                   [100%]

=================================== FAILURES ===================================
_______________ test_game_logs_rejected_values_stay_identifiable _______________
tests/test_errors.py:494: in test_game_logs_rejected_values_stay_identifiable
    assert rejected == {"teams_against": ["NotAFilter"]}
E   AssertionError: assert {'teams_again...'[REDACTED]']} == {'teams_again...'NotAFilter']}
E     
E     Differing items:
E     {'teams_against': ['[REDACTED]']} != {'teams_against': ['NotAFilter']}
E     Use -v to get more diff
------------------------------ Captured log call -------------------------------
WARNING  app.utils.firebase_admin:firebase_admin.py:31 Firebase Admin disabled via FIREBASE_ADMIN_DISABLED - local dev only
WARNING  app.utils.auth:auth.py:229 Firebase unavailable; using explicitly enabled local auth bypass
ERROR    app.errors:errors.py:157 Application error code=invalid_input detail=1 validation error for GameLogQuery
teams_against
  Value error, teams_against contains unsupported filters: ['NotAFilter']. Supported filters are: OPP_PTS, OPP_REB, OPP_AST, OPP_STOCKS, OPP_FTA, OPP_TOV, OPP_BLK, OPP_STL, OPP_FG3M, OPP_FG3A, C&S 3s, C&S PTS, C&S 3A, PU 2s, PU 3s, PU PTS, Less Than 10 ft, Transition, Isolation, PRBallHandler, PRRollMan, OffRebound, Spotup, Cut, Handoff, OffScreen, Misc, Postup, TwoPtAssists, ThreePtAssists, Arc3Assists, Corner3Assists, AtRimAssists, ShortMidRangeAssists, LongMidRangeAssists [type=value_error, input_value=['NotAFilter'], input_type=list]
    For further information visit https://errors.pydantic.dev/2.13/v/value_error
- generated xml file: /private/tmp/statsplus-145/resumed-review-spec/.review-spec/20-identifiable.xml -
=========================== short test summary info ============================
FAILED tests/test_errors.py::test_game_logs_rejected_values_stay_identifiable
============================== 1 failed in 0.53s ===============================

EXACT MUTATION AGAINST CANDIDATE
--- app/errors.py (candidate)
+++ app/errors.py (mutant)
@@ -126,7 +126,7 @@
     sanitized = _sanitize_diagnostic_detail(value)
     if sanitized is None:
         return ""
-    return sanitized[:_PUBLIC_VALUE_MAX_LENGTH]
+    return "[REDACTED]"
 
 
 def _log_application_error(
