cwd: /private/tmp/statsplus-145/resumed-review-standards
command: ['/private/tmp/statsplus-145/resumed-review-standards/.venv/bin/python', '-B', '-m', 'pytest', '-p', 'offline_guard', '-o', 'addopts=', '-v', '--tb=short', 'tests/test_errors.py::test_game_logs_model_level_alignment_failure_names_submitted_values', 'tests/test_errors.py::test_game_logs_range_failures_name_their_submitted_values']
============================= test session starts ==============================
platform darwin -- Python 3.11.9, pytest-9.1.1, pluggy-1.6.0 -- /private/tmp/statsplus-145/resumed-review-standards/.venv/bin/python
cachedir: .pytest_cache
rootdir: /private/tmp/statsplus-145/resumed-review-standards
configfile: pytest.ini
plugins: mock-3.15.1, cov-7.1.0, xdist-3.8.0, anyio-4.14.2
collecting ... collected 2 items

tests/test_errors.py::test_game_logs_model_level_alignment_failure_names_submitted_values FAILED [ 50%]
tests/test_errors.py::test_game_logs_range_failures_name_their_submitted_values FAILED [100%]

=================================== FAILURES ===================================
_____ test_game_logs_model_level_alignment_failure_names_submitted_values ______
tests/test_errors.py:313: in test_game_logs_model_level_alignment_failure_names_submitted_values
    rejected = _rejected_filters(response.get_json()["error"]["details"])
                                 ^^^^^^^^^^^^^^^^^^^^^^^^^^^^^^^^^^^^^^^
E   KeyError: 'details'
------------------------------ Captured log call -------------------------------
WARNING  app.utils.firebase_admin:firebase_admin.py:31 Firebase Admin disabled via FIREBASE_ADMIN_DISABLED - local dev only
WARNING  app.utils.auth:auth.py:229 Firebase unavailable; using explicitly enabled local auth bypass
ERROR    app.errors:errors.py:157 Application error code=invalid_input detail=1 validation error for GameLogQuery
  Value error, rank_filter must contain one rank per teams_against filter [type=value_error, input_value={'season_filter': '2025-2...0'], 'self_filters': []}, input_type=dict]
    For further information visit https://errors.pydantic.dev/2.13/v/value_error
__________ test_game_logs_range_failures_name_their_submitted_values ___________
tests/test_errors.py:324: in test_game_logs_range_failures_name_their_submitted_values
    rejected = _rejected_filters(response.get_json()["error"]["details"])
                                 ^^^^^^^^^^^^^^^^^^^^^^^^^^^^^^^^^^^^^^^
E   KeyError: 'details'
------------------------------ Captured log call -------------------------------
WARNING  app.utils.firebase_admin:firebase_admin.py:31 Firebase Admin disabled via FIREBASE_ADMIN_DISABLED - local dev only
WARNING  app.utils.auth:auth.py:229 Firebase unavailable; using explicitly enabled local auth bypass
ERROR    app.errors:errors.py:157 Application error code=invalid_input detail=1 validation error for GameLogQuery
  Value error, minutes_filter min must not exceed minutes_filter max [type=value_error, input_value={'season_filter': '2025-2...0'], 'self_filters': []}, input_type=dict]
    For further information visit https://errors.pydantic.dev/2.13/v/value_error
=========================== short test summary info ============================
FAILED tests/test_errors.py::test_game_logs_model_level_alignment_failure_names_submitted_values
FAILED tests/test_errors.py::test_game_logs_range_failures_name_their_submitted_values
============================== 2 failed in 1.18s ===============================

exit_code: 1
