cwd: /private/tmp/statsplus-145/resumed-review-standards
command: ['/private/tmp/statsplus-145/resumed-review-standards/.venv/bin/python', '-B', '-m', 'pytest', '-p', 'offline_guard', '-o', 'addopts=', '-v', '--tb=short', 'tests/test_errors.py::test_game_logs_self_filter_failures_name_parameter_and_value']
============================= test session starts ==============================
platform darwin -- Python 3.11.9, pytest-9.1.1, pluggy-1.6.0 -- /private/tmp/statsplus-145/resumed-review-standards/.venv/bin/python
cachedir: .pytest_cache
rootdir: /private/tmp/statsplus-145/resumed-review-standards
configfile: pytest.ini
plugins: mock-3.15.1, cov-7.1.0, xdist-3.8.0, anyio-4.14.2
collecting ... collected 1 item

tests/test_errors.py::test_game_logs_self_filter_failures_name_parameter_and_value FAILED [100%]

=================================== FAILURES ===================================
_________ test_game_logs_self_filter_failures_name_parameter_and_value _________
tests/test_errors.py:442: in test_game_logs_self_filter_failures_name_parameter_and_value
    rejected = _rejected_filters(response.get_json()["error"]["details"])
                                 ^^^^^^^^^^^^^^^^^^^^^^^^^^^^^^^^^^^^^^^
E   KeyError: 'details'
------------------------------ Captured log call -------------------------------
WARNING  app.utils.firebase_admin:firebase_admin.py:31 Firebase Admin disabled via FIREBASE_ADMIN_DISABLED - local dev only
WARNING  app.utils.auth:auth.py:229 Firebase unavailable; using explicitly enabled local auth bypass
ERROR    app.errors:errors.py:157 Application error code=invalid_input detail=1 validation error for GameLogQuery
self_filters.stat
  Value error, self_filter contains unsupported stat 'BOGUS'. Supported stats are: MIN, PTS, REB, AST, STL, BLK, TOV, FGA, FG3A, FTA, FGM, FG3M, FTM, FG_PCT, OREB, DREB, PF, PRA, PA, PR, RA, STKS, FD_PTS [type=value_error, input_value='BOGUS', input_type=str]
    For further information visit https://errors.pydantic.dev/2.13/v/value_error
=========================== short test summary info ============================
FAILED tests/test_errors.py::test_game_logs_self_filter_failures_name_parameter_and_value
============================== 1 failed in 4.62s ===============================

exit_code: 1
