Worktree: /private/tmp/statsplus-145/resumed-review-spec
Command: ['/private/tmp/statsplus-145/resumed-review-spec/.venv/bin/python', '-B', '-m', 'pytest', '-p', 'offline_guard', '-q', '--tb=short', '--junitxml=/private/tmp/statsplus-145/resumed-review-spec/.review-spec/05-opponent.xml', 'tests/test_errors.py::test_game_logs_rejected_opponent_tricode_names_parameter_and_value']
============================= test session starts ==============================
platform darwin -- Python 3.11.9, pytest-9.1.1, pluggy-1.6.0
rootdir: /private/tmp/statsplus-145/resumed-review-spec
configfile: pytest.ini
plugins: mock-3.15.1, cov-7.1.0, xdist-3.8.0, anyio-4.14.2
collected 1 item

tests/test_errors.py F                                                   [100%]

=================================== FAILURES ===================================
______ test_game_logs_rejected_opponent_tricode_names_parameter_and_value ______
tests/test_errors.py:280: in test_game_logs_rejected_opponent_tricode_names_parameter_and_value
    rejected = _rejected_filters(response.get_json()["error"]["details"])
                                 ^^^^^^^^^^^^^^^^^^^^^^^^^^^^^^^^^^^^^^^
E   KeyError: 'details'
------------------------------ Captured log call -------------------------------
WARNING  app.utils.firebase_admin:firebase_admin.py:31 Firebase Admin disabled via FIREBASE_ADMIN_DISABLED - local dev only
WARNING  app.utils.auth:auth.py:229 Firebase unavailable; using explicitly enabled local auth bypass
ERROR    app.errors:errors.py:157 Application error code=invalid_input detail=1 validation error for GameLogQuery
opponent_tricode
  Value error, opponent_tricode 'XXX' is not an NBA team tricode [type=value_error, input_value='XXX', input_type=str]
    For further information visit https://errors.pydantic.dev/2.13/v/value_error
- generated xml file: /private/tmp/statsplus-145/resumed-review-spec/.review-spec/05-opponent.xml -
=========================== short test summary info ============================
FAILED tests/test_errors.py::test_game_logs_rejected_opponent_tricode_names_parameter_and_value
============================== 1 failed in 0.54s ===============================

EXACT MUTATION AGAINST CANDIDATE
--- app/models/game_logs.py (candidate)
+++ app/models/game_logs.py (mutant)
@@ -434,11 +434,7 @@
             return None
         tricode = value.strip().upper()
         if tricode not in NBA_TEAM_TRICODES:
-            raise GameLogFilterError(
-                "opponent_tricode",
-                (value,),
-                f"opponent_tricode {value!r} is not an NBA team tricode",
-            )
+            raise ValueError(f"opponent_tricode {value!r} is not an NBA team tricode")
         return tricode
 
     @field_validator("playstyle_range", mode="before")
