Worktree: /private/tmp/statsplus-145/resumed-review-spec
Command: ['/private/tmp/statsplus-145/resumed-review-spec/.venv/bin/python', '-B', '-m', 'pytest', '-p', 'offline_guard', '-q', '--tb=short', '--junitxml=/private/tmp/statsplus-145/resumed-review-spec/.review-spec/26-season-rating-cases.xml', 'tests/test_game_logs.py::test_route_rejects_invalid_season_and_nonfinite_playstyle_before_service']
============================= test session starts ==============================
platform darwin -- Python 3.11.9, pytest-9.1.1, pluggy-1.6.0
rootdir: /private/tmp/statsplus-145/resumed-review-spec
configfile: pytest.ini
plugins: mock-3.15.1, cov-7.1.0, xdist-3.8.0, anyio-4.14.2
collected 6 items

tests/test_game_logs.py FFFFFF                                           [100%]

=================================== FAILURES ===================================
_ test_route_rejects_invalid_season_and_nonfinite_playstyle_before_service[season_filter=-expected_details0] _
tests/test_game_logs.py:985: in test_route_rejects_invalid_season_and_nonfinite_playstyle_before_service
    for entry in payload["error"]["details"]["filters"]
                 ^^^^^^^^^^^^^^^^^^^^^^^^^^^
E   KeyError: 'details'
------------------------------ Captured log call -------------------------------
WARNING  app.utils.firebase_admin:firebase_admin.py:31 Firebase Admin disabled via FIREBASE_ADMIN_DISABLED - local dev only
WARNING  app.utils.auth:auth.py:229 Firebase unavailable; using explicitly enabled local auth bypass
ERROR    app.errors:errors.py:157 Application error code=invalid_input detail=1 validation error for GameLogQuery
season_filter
  Value error, season_filter must use YYYY-YY format [type=value_error, input_value='', input_type=str]
    For further information visit https://errors.pydantic.dev/2.13/v/value_error
_ test_route_rejects_invalid_season_and_nonfinite_playstyle_before_service[season_filter=potato-expected_details1] _
tests/test_game_logs.py:985: in test_route_rejects_invalid_season_and_nonfinite_playstyle_before_service
    for entry in payload["error"]["details"]["filters"]
                 ^^^^^^^^^^^^^^^^^^^^^^^^^^^
E   KeyError: 'details'
------------------------------ Captured log call -------------------------------
WARNING  app.utils.firebase_admin:firebase_admin.py:31 Firebase Admin disabled via FIREBASE_ADMIN_DISABLED - local dev only
WARNING  app.utils.auth:auth.py:229 Firebase unavailable; using explicitly enabled local auth bypass
ERROR    app.errors:errors.py:157 Application error code=invalid_input detail=1 validation error for GameLogQuery
season_filter
  Value error, season_filter must use YYYY-YY format [type=value_error, input_value='potato', input_type=str]
    For further information visit https://errors.pydantic.dev/2.13/v/value_error
_ test_route_rejects_invalid_season_and_nonfinite_playstyle_before_service[season_filter=2024-27-expected_details2] _
tests/test_game_logs.py:985: in test_route_rejects_invalid_season_and_nonfinite_playstyle_before_service
    for entry in payload["error"]["details"]["filters"]
                 ^^^^^^^^^^^^^^^^^^^^^^^^^^^
E   KeyError: 'details'
------------------------------ Captured log call -------------------------------
WARNING  app.utils.firebase_admin:firebase_admin.py:31 Firebase Admin disabled via FIREBASE_ADMIN_DISABLED - local dev only
WARNING  app.utils.auth:auth.py:229 Firebase unavailable; using explicitly enabled local auth bypass
ERROR    app.errors:errors.py:157 Application error code=invalid_input detail=1 validation error for GameLogQuery
season_filter
  Value error, season_filter must end with the following calendar year's final two digits [type=value_error, input_value='2024-27', input_type=str]
    For further information visit https://errors.pydantic.dev/2.13/v/value_error
_ test_route_rejects_invalid_season_and_nonfinite_playstyle_before_service[playstyle_RTG_min=nan-expected_details3] _
tests/test_game_logs.py:985: in test_route_rejects_invalid_season_and_nonfinite_playstyle_before_service
    for entry in payload["error"]["details"]["filters"]
                 ^^^^^^^^^^^^^^^^^^^^^^^^^^^
E   KeyError: 'details'
------------------------------ Captured log call -------------------------------
WARNING  app.utils.firebase_admin:firebase_admin.py:31 Firebase Admin disabled via FIREBASE_ADMIN_DISABLED - local dev only
WARNING  app.utils.auth:auth.py:229 Firebase unavailable; using explicitly enabled local auth bypass
ERROR    app.errors:errors.py:157 Application error code=invalid_input detail=1 validation error for GameLogQuery
playstyle_range
  Value error, playstyle_RTG_min must be a finite number [type=value_error, input_value=['nan', '200'], input_type=list]
    For further information visit https://errors.pydantic.dev/2.13/v/value_error
_ test_route_rejects_invalid_season_and_nonfinite_playstyle_before_service[playstyle_RTG_max=inf-expected_details4] _
tests/test_game_logs.py:985: in test_route_rejects_invalid_season_and_nonfinite_playstyle_before_service
    for entry in payload["error"]["details"]["filters"]
                 ^^^^^^^^^^^^^^^^^^^^^^^^^^^
E   KeyError: 'details'
------------------------------ Captured log call -------------------------------
WARNING  app.utils.firebase_admin:firebase_admin.py:31 Firebase Admin disabled via FIREBASE_ADMIN_DISABLED - local dev only
WARNING  app.utils.auth:auth.py:229 Firebase unavailable; using explicitly enabled local auth bypass
ERROR    app.errors:errors.py:157 Application error code=invalid_input detail=1 validation error for GameLogQuery
playstyle_range
  Value error, playstyle_RTG_max must be a finite number [type=value_error, input_value=['0', 'inf'], input_type=list]
    For further information visit https://errors.pydantic.dev/2.13/v/value_error
_ test_route_rejects_invalid_season_and_nonfinite_playstyle_before_service[playstyle_RTG_min=-inf-expected_details5] _
tests/test_game_logs.py:985: in test_route_rejects_invalid_season_and_nonfinite_playstyle_before_service
    for entry in payload["error"]["details"]["filters"]
                 ^^^^^^^^^^^^^^^^^^^^^^^^^^^
E   KeyError: 'details'
------------------------------ Captured log call -------------------------------
WARNING  app.utils.firebase_admin:firebase_admin.py:31 Firebase Admin disabled via FIREBASE_ADMIN_DISABLED - local dev only
WARNING  app.utils.auth:auth.py:229 Firebase unavailable; using explicitly enabled local auth bypass
ERROR    app.errors:errors.py:157 Application error code=invalid_input detail=1 validation error for GameLogQuery
playstyle_range
  Value error, playstyle_RTG_min must be a finite number [type=value_error, input_value=['-inf', '200'], input_type=list]
    For further information visit https://errors.pydantic.dev/2.13/v/value_error
- generated xml file: /private/tmp/statsplus-145/resumed-review-spec/.review-spec/26-season-rating-cases.xml -
=========================== short test summary info ============================
FAILED tests/test_game_logs.py::test_route_rejects_invalid_season_and_nonfinite_playstyle_before_service[season_filter=-expected_details0]
FAILED tests/test_game_logs.py::test_route_rejects_invalid_season_and_nonfinite_playstyle_before_service[season_filter=potato-expected_details1]
FAILED tests/test_game_logs.py::test_route_rejects_invalid_season_and_nonfinite_playstyle_before_service[season_filter=2024-27-expected_details2]
FAILED tests/test_game_logs.py::test_route_rejects_invalid_season_and_nonfinite_playstyle_before_service[playstyle_RTG_min=nan-expected_details3]
FAILED tests/test_game_logs.py::test_route_rejects_invalid_season_and_nonfinite_playstyle_before_service[playstyle_RTG_max=inf-expected_details4]
FAILED tests/test_game_logs.py::test_route_rejects_invalid_season_and_nonfinite_playstyle_before_service[playstyle_RTG_min=-inf-expected_details5]
============================== 6 failed in 0.70s ===============================

EXACT MUTATION AGAINST CANDIDATE
--- app/routes/game_routes.py (candidate)
+++ app/routes/game_routes.py (mutant)
@@ -131,7 +131,7 @@
         raise InvalidInputError(
             "One or more game log filters are invalid.",
             detail=error,
-            public_details=_game_log_validation_details(error, filters),
+            public_details=None,
         ) from error
 
 
