Worktree: /private/tmp/statsplus-145/resumed-review-spec
Command: ['/private/tmp/statsplus-145/resumed-review-spec/.venv/bin/python', '-B', '-m', 'pytest', '-p', 'offline_guard', '-q', '--tb=short', '--junitxml=/private/tmp/statsplus-145/resumed-review-spec/.review-spec/08-reversed-minutes.xml', 'tests/test_errors.py::test_game_logs_range_failures_name_their_submitted_values']
============================= test session starts ==============================
platform darwin -- Python 3.11.9, pytest-9.1.1, pluggy-1.6.0
rootdir: /private/tmp/statsplus-145/resumed-review-spec
configfile: pytest.ini
plugins: mock-3.15.1, cov-7.1.0, xdist-3.8.0, anyio-4.14.2
collected 1 item

tests/test_errors.py F                                                   [100%]

=================================== FAILURES ===================================
__________ test_game_logs_range_failures_name_their_submitted_values ___________
tests/test_errors.py:324: in test_game_logs_range_failures_name_their_submitted_values
    rejected = _rejected_filters(response.get_json()["error"]["details"])
                                 ^^^^^^^^^^^^^^^^^^^^^^^^^^^^^^^^^^^^^^^
E   KeyError: 'details'
------------------------------ Captured log call -------------------------------
WARNING  app.utils.firebase_admin:firebase_admin.py:31 Firebase Admin disabled via FIREBASE_ADMIN_DISABLED - local dev only
WARNING  app.utils.auth:auth.py:229 Firebase unavailable; using explicitly enabled local auth bypass
ERROR    app.errors:errors.py:157 Application error code=invalid_input detail=1 validation error for GameLogQuery
  Value error, minutes_filter min must not exceed minutes_filter max [type=value_error, input_value={'season_filter': '2025-2...0'], 'self_filters': []}, input_type=dict]
    For further information visit https://errors.pydantic.dev/2.13/v/value_error
- generated xml file: /private/tmp/statsplus-145/resumed-review-spec/.review-spec/08-reversed-minutes.xml -
=========================== short test summary info ============================
FAILED tests/test_errors.py::test_game_logs_range_failures_name_their_submitted_values
============================== 1 failed in 0.51s ===============================

EXACT MUTATION AGAINST CANDIDATE
--- app/models/game_logs.py (candidate)
+++ app/models/game_logs.py (mutant)
@@ -540,11 +540,7 @@
                 "rank_filter must contain one rank per teams_against filter",
             )
         if self.minutes_filter[0] > self.minutes_filter[1]:
-            raise GameLogFilterError(
-                "minutes_filter",
-                (f"{self.minutes_filter[0]},{self.minutes_filter[1]}",),
-                "minutes_filter min must not exceed minutes_filter max",
-            )
+            raise ValueError("minutes_filter min must not exceed minutes_filter max")
         if self.playstyle_range[0] > self.playstyle_range[1]:
             raise GameLogFilterError(
                 "playstyle_RTG_max",
