cwd: /private/tmp/statsplus-145/resumed-review-standards
command: ['/private/tmp/statsplus-145/resumed-review-standards/.venv/bin/python', '-B', '-m', 'pytest', '-p', 'offline_guard', '-o', 'addopts=', '-v', '--tb=short', 'tests/test_errors.py::test_game_log_validation_details_skip_unknown_internal_failures']
============================= test session starts ==============================
platform darwin -- Python 3.11.9, pytest-9.1.1, pluggy-1.6.0 -- /private/tmp/statsplus-145/resumed-review-standards/.venv/bin/python
cachedir: .pytest_cache
rootdir: /private/tmp/statsplus-145/resumed-review-standards
configfile: pytest.ini
plugins: mock-3.15.1, cov-7.1.0, xdist-3.8.0, anyio-4.14.2
collecting ... collected 1 item

tests/test_errors.py::test_game_log_validation_details_skip_unknown_internal_failures FAILED [100%]

=================================== FAILURES ===================================
_______ test_game_log_validation_details_skip_unknown_internal_failures ________
tests/test_errors.py:530: in test_game_log_validation_details_skip_unknown_internal_failures
    GameLogQuery(season_filter="2024-25", self_filters="oops")
E   pydantic_core._pydantic_core.ValidationError: 1 validation error for GameLogQuery
E   self_filters
E     Value error, self_filters must be a stat range mapping or a list of typed filters [type=value_error, input_value='oops', input_type=str]
E       For further information visit https://errors.pydantic.dev/2.13/v/value_error

During handling of the above exception, another exception occurred:
tests/test_errors.py:532: in test_game_log_validation_details_skip_unknown_internal_failures
    assert _game_log_validation_details(error, filters={}) is None
E   AssertionError: assert {} is None
E    +  where {} = <function _game_log_validation_details at 0x1211f4ea0>(1 validation error for GameLogQuery\nself_filters\n  Value error, self_filters must be a stat range mapping or a list of typed filters [type=value_error, input_value='oops', input_type=str]\n    For further information visit https://errors.pydantic.dev/2.13/v/value_error, filters={})
=========================== short test summary info ============================
FAILED tests/test_errors.py::test_game_log_validation_details_skip_unknown_internal_failures
============================== 1 failed in 3.16s ===============================

exit_code: 1
