Worktree: /private/tmp/statsplus-145/resumed-review-spec
Command: ['/private/tmp/statsplus-145/resumed-review-spec/.venv/bin/python', '-B', '-m', 'pytest', '-p', 'offline_guard', '-q', '--tb=short', '--junitxml=/private/tmp/statsplus-145/resumed-review-spec/.review-spec/18-game-filter.xml', 'tests/test_errors.py::test_game_logs_game_filter_failure_names_parameter_and_value']
============================= test session starts ==============================
platform darwin -- Python 3.11.9, pytest-9.1.1, pluggy-1.6.0
rootdir: /private/tmp/statsplus-145/resumed-review-spec
configfile: pytest.ini
plugins: mock-3.15.1, cov-7.1.0, xdist-3.8.0, anyio-4.14.2
collected 1 item

tests/test_errors.py F                                                   [100%]

=================================== FAILURES ===================================
_________ test_game_logs_game_filter_failure_names_parameter_and_value _________
tests/test_errors.py:452: in test_game_logs_game_filter_failure_names_parameter_and_value
    rejected = _rejected_filters(response.get_json()["error"]["details"])
                                 ^^^^^^^^^^^^^^^^^^^^^^^^^^^^^^^^^^^^^^^
E   KeyError: 'details'
------------------------------ Captured log call -------------------------------
WARNING  app.utils.firebase_admin:firebase_admin.py:31 Firebase Admin disabled via FIREBASE_ADMIN_DISABLED - local dev only
WARNING  app.utils.auth:auth.py:229 Firebase unavailable; using explicitly enabled local auth bypass
ERROR    app.errors:errors.py:157 Application error code=invalid_input detail=1 validation error for GameLogQuery
game_filter
  Input should be greater than or equal to 1 [type=greater_than_equal, input_value='0', input_type=str]
    For further information visit https://errors.pydantic.dev/2.13/v/greater_than_equal
- generated xml file: /private/tmp/statsplus-145/resumed-review-spec/.review-spec/18-game-filter.xml -
=========================== short test summary info ============================
FAILED tests/test_errors.py::test_game_logs_game_filter_failure_names_parameter_and_value
============================== 1 failed in 0.57s ===============================

EXACT MUTATION AGAINST CANDIDATE
--- app/routes/game_routes.py (candidate)
+++ app/routes/game_routes.py (mutant)
@@ -139,7 +139,7 @@
 #: rejection at the HTTP seam, the original submitted value in hand. Their
 #: accepted grammar is pydantic's, so acceptance is untouched.
 _UNTYPED_PARAMETER_NAMES = frozenset(
-    {"date_filter", "location_filter", "game_filter"}
+    {'location_filter', 'date_filter'}
 )
 
 
