Worktree: /private/tmp/statsplus-145/resumed-review-spec
Command: ['/private/tmp/statsplus-145/resumed-review-spec/.venv/bin/python', '-B', '-m', 'pytest', '-p', 'offline_guard', '-q', '--tb=short', '--junitxml=/private/tmp/statsplus-145/resumed-review-spec/.review-spec/14-mixed-unknown.xml', 'tests/test_errors.py::test_game_log_validation_details_keep_known_and_skip_unknown']
============================= test session starts ==============================
platform darwin -- Python 3.11.9, pytest-9.1.1, pluggy-1.6.0
rootdir: /private/tmp/statsplus-145/resumed-review-spec
configfile: pytest.ini
plugins: mock-3.15.1, cov-7.1.0, xdist-3.8.0, anyio-4.14.2
collected 1 item

tests/test_errors.py F                                                   [100%]

=================================== FAILURES ===================================
_________ test_game_log_validation_details_keep_known_and_skip_unknown _________
tests/test_errors.py:397: in test_game_log_validation_details_keep_known_and_skip_unknown
    GameLogQuery(
E   pydantic_core._pydantic_core.ValidationError: 2 validation errors for GameLogQuery
E   teams_against
E     Value error, teams_against contains unsupported filters: ['NotAFilter']. Supported filters are: OPP_PTS, OPP_REB, OPP_AST, OPP_STOCKS, OPP_FTA, OPP_TOV, OPP_BLK, OPP_STL, OPP_FG3M, OPP_FG3A, C&S 3s, C&S PTS, C&S 3A, PU 2s, PU 3s, PU PTS, Less Than 10 ft, Transition, Isolation, PRBallHandler, PRRollMan, OffRebound, Spotup, Cut, Handoff, OffScreen, Misc, Postup, TwoPtAssists, ThreePtAssists, Arc3Assists, Corner3Assists, AtRimAssists, ShortMidRangeAssists, LongMidRangeAssists [type=value_error, input_value=['NotAFilter'], input_type=list]
E       For further information visit https://errors.pydantic.dev/2.13/v/value_error
E   self_filters
E     Value error, self_filters must be a stat range mapping or a list of typed filters [type=value_error, input_value='oops', input_type=str]
E       For further information visit https://errors.pydantic.dev/2.13/v/value_error

During handling of the above exception, another exception occurred:
tests/test_errors.py:404: in test_game_log_validation_details_keep_known_and_skip_unknown
    assert _rejected_filters(details) == {"teams_against": ["NotAFilter"]}
           ^^^^^^^^^^^^^^^^^^^^^^^^^^
tests/test_errors.py:228: in _rejected_filters
    for entry in details["filters"]
                 ^^^^^^^^^^^^^^^^^^
E   TypeError: 'NoneType' object is not subscriptable
- generated xml file: /private/tmp/statsplus-145/resumed-review-spec/.review-spec/14-mixed-unknown.xml -
=========================== short test summary info ============================
FAILED tests/test_errors.py::test_game_log_validation_details_keep_known_and_skip_unknown
============================== 1 failed in 0.44s ===============================

EXACT MUTATION AGAINST CANDIDATE
--- app/routes/game_routes.py (candidate)
+++ app/routes/game_routes.py (mutant)
@@ -195,6 +195,8 @@
     for validation_error in error.errors():
         cause = (validation_error.get("ctx") or {}).get("error")
         facts = _game_log_rejected_filter(cause, validation_error, filters)
+        if facts is None:
+            return None
         if facts is not None:
             failed_filters.append(facts)
     if not failed_filters:
