cwd: /private/tmp/statsplus-145/resumed-review-standards
command: ['/private/tmp/statsplus-145/resumed-review-standards/.venv/bin/python', '-B', '-m', 'pytest', '-p', 'offline_guard', '-o', 'addopts=', '-v', '--tb=short', 'tests/test_errors.py::test_game_logs_invalid_input_uses_central_handler']
============================= test session starts ==============================
platform darwin -- Python 3.11.9, pytest-9.1.1, pluggy-1.6.0 -- /private/tmp/statsplus-145/resumed-review-standards/.venv/bin/python
cachedir: .pytest_cache
rootdir: /private/tmp/statsplus-145/resumed-review-standards
configfile: pytest.ini
plugins: mock-3.15.1, cov-7.1.0, xdist-3.8.0, anyio-4.14.2
collecting ... collected 1 item

tests/test_errors.py::test_game_logs_invalid_input_uses_central_handler FAILED [100%]

=================================== FAILURES ===================================
______________ test_game_logs_invalid_input_uses_central_handler _______________
tests/test_errors.py:215: in test_game_logs_invalid_input_uses_central_handler
    assert error["code"] == "invalid_input"
E   AssertionError: assert 'wrong_code' == 'invalid_input'
E     
E     - invalid_input
E     + wrong_code
------------------------------ Captured log call -------------------------------
WARNING  app.utils.firebase_admin:firebase_admin.py:31 Firebase Admin disabled via FIREBASE_ADMIN_DISABLED - local dev only
WARNING  app.utils.auth:auth.py:229 Firebase unavailable; using explicitly enabled local auth bypass
ERROR    app.errors:errors.py:157 Application error code=wrong_code detail=1 validation error for GameLogQuery
minutes_filter
  Value error, minutes_filter must contain two integer values [type=value_error, input_value='not-a-range', input_type=str]
    For further information visit https://errors.pydantic.dev/2.13/v/value_error
=========================== short test summary info ============================
FAILED tests/test_errors.py::test_game_logs_invalid_input_uses_central_handler
============================== 1 failed in 1.12s ===============================

exit_code: 1
