Worktree: /private/tmp/statsplus-145/resumed-review-spec
Command: ['/private/tmp/statsplus-145/resumed-review-spec/.venv/bin/python', '-B', '-m', 'pytest', '-p', 'offline_guard', '-q', '--tb=short', '--junitxml=/private/tmp/statsplus-145/resumed-review-spec/.review-spec/11-date.xml', 'tests/test_errors.py::test_game_logs_scalar_parse_failures_name_parameter_and_value']
============================= test session starts ==============================
platform darwin -- Python 3.11.9, pytest-9.1.1, pluggy-1.6.0
rootdir: /private/tmp/statsplus-145/resumed-review-spec
configfile: pytest.ini
plugins: mock-3.15.1, cov-7.1.0, xdist-3.8.0, anyio-4.14.2
collected 1 item

tests/test_errors.py F                                                   [100%]

=================================== FAILURES ===================================
________ test_game_logs_scalar_parse_failures_name_parameter_and_value _________
tests/test_errors.py:361: in test_game_logs_scalar_parse_failures_name_parameter_and_value
    assert rejected == {
E   AssertionError: assert {'location_filter': ['home']} == {'date_filter...er': ['home']}
E     
E     Omitting 1 identical items, use -vv to show
E     Right contains 1 more item:
E     {'date_filter': ['not-a-date']}
E     Use -v to get more diff
------------------------------ Captured log call -------------------------------
WARNING  app.utils.firebase_admin:firebase_admin.py:31 Firebase Admin disabled via FIREBASE_ADMIN_DISABLED - local dev only
WARNING  app.utils.auth:auth.py:229 Firebase unavailable; using explicitly enabled local auth bypass
ERROR    app.errors:errors.py:157 Application error code=invalid_input detail=2 validation errors for GameLogQuery
date_filter
  Input should be a valid date or datetime, invalid character in year [type=date_from_datetime_parsing, input_value='not-a-date', input_type=str]
    For further information visit https://errors.pydantic.dev/2.13/v/date_from_datetime_parsing
location_filter
  Input should be 'Home', 'Away' or 'Both' [type=literal_error, input_value='home', input_type=str]
    For further information visit https://errors.pydantic.dev/2.13/v/literal_error
- generated xml file: /private/tmp/statsplus-145/resumed-review-spec/.review-spec/11-date.xml -
=========================== short test summary info ============================
FAILED tests/test_errors.py::test_game_logs_scalar_parse_failures_name_parameter_and_value
============================== 1 failed in 0.49s ===============================

EXACT MUTATION AGAINST CANDIDATE
--- app/routes/game_routes.py (candidate)
+++ app/routes/game_routes.py (mutant)
@@ -139,7 +139,7 @@
 #: rejection at the HTTP seam, the original submitted value in hand. Their
 #: accepted grammar is pydantic's, so acceptance is untouched.
 _UNTYPED_PARAMETER_NAMES = frozenset(
-    {"date_filter", "location_filter", "game_filter"}
+    {'location_filter', 'game_filter'}
 )
 
 
