Worktree: /private/tmp/statsplus-145/resumed-review-spec
Command: ['/private/tmp/statsplus-145/resumed-review-spec/.venv/bin/python', '-B', '-m', 'pytest', '-p', 'offline_guard', '-q', '--tb=short', '--junitxml=/private/tmp/statsplus-145/resumed-review-spec/.review-spec/27-length-bound.xml', 'tests/test_errors.py', 'tests/test_game_logs.py']
============================= test session starts ==============================
platform darwin -- Python 3.11.9, pytest-9.1.1, pluggy-1.6.0
rootdir: /private/tmp/statsplus-145/resumed-review-spec
configfile: pytest.ini
plugins: mock-3.15.1, cov-7.1.0, xdist-3.8.0, anyio-4.14.2
collected 125 items

tests/test_errors.py .........................................           [ 32%]
tests/test_game_logs.py ................................................ [ 71%]
....................................                                     [100%]

- generated xml file: /private/tmp/statsplus-145/resumed-review-spec/.review-spec/27-length-bound.xml -
============================= 125 passed in 1.61s ==============================

EXACT MUTATION AGAINST CANDIDATE
--- app/errors.py (candidate)
+++ app/errors.py (mutant)
@@ -126,7 +126,7 @@
     sanitized = _sanitize_diagnostic_detail(value)
     if sanitized is None:
         return ""
-    return sanitized[:_PUBLIC_VALUE_MAX_LENGTH]
+    return sanitized
 
 
 def _log_application_error(
