cwd: /private/tmp/statsplus-145/resumed-review-standards
command: ['/private/tmp/statsplus-145/resumed-review-standards/.venv/bin/python', '-B', '-m', 'pytest', '-p', 'offline_guard', '-o', 'addopts=', '-v', '--tb=short', 'tests/test_game_logs.py::test_route_returns_400_for_malformed_filters', 'tests/test_game_logs.py::test_route_rejects_invalid_season_and_nonfinite_playstyle_before_service']
============================= test session starts ==============================
platform darwin -- Python 3.11.9, pytest-9.1.1, pluggy-1.6.0 -- /private/tmp/statsplus-145/resumed-review-standards/.venv/bin/python
cachedir: .pytest_cache
rootdir: /private/tmp/statsplus-145/resumed-review-standards
configfile: pytest.ini
plugins: mock-3.15.1, cov-7.1.0, xdist-3.8.0, anyio-4.14.2
collecting ... collected 13 items

tests/test_game_logs.py::test_route_returns_400_for_malformed_filters[player_name=LeBron%20James&minutes_filter=not-a-range-expected_details0] PASSED [  7%]
tests/test_game_logs.py::test_route_returns_400_for_malformed_filters[player_name=LeBron%20James&location_filter=home-expected_details1] PASSED [ 15%]
tests/test_game_logs.py::test_route_returns_400_for_malformed_filters[player_name=LeBron%20James&teams_against[]=OPP_PTS-expected_details2] PASSED [ 23%]
tests/test_game_logs.py::test_route_returns_400_for_malformed_filters[player_name=LeBron%20James&opponent_tricode=XXX-expected_details3] PASSED [ 30%]
tests/test_game_logs.py::test_route_returns_400_for_malformed_filters[player_name=LeBron%20James&opponent_tricode=-expected_details4] PASSED [ 38%]
tests/test_game_logs.py::test_route_returns_400_for_malformed_filters[player_name=LeBron%20James&date_filter=not-a-date-expected_details5] PASSED [ 46%]
tests/test_game_logs.py::test_route_returns_400_for_malformed_filters[player_name=LeBron%20James&game_filter=0-expected_details6] PASSED [ 53%]
tests/test_game_logs.py::test_route_rejects_invalid_season_and_nonfinite_playstyle_before_service[season_filter=-expected_details0] PASSED [ 61%]
tests/test_game_logs.py::test_route_rejects_invalid_season_and_nonfinite_playstyle_before_service[season_filter=potato-expected_details1] PASSED [ 69%]
tests/test_game_logs.py::test_route_rejects_invalid_season_and_nonfinite_playstyle_before_service[season_filter=2024-27-expected_details2] PASSED [ 76%]
tests/test_game_logs.py::test_route_rejects_invalid_season_and_nonfinite_playstyle_before_service[playstyle_RTG_min=nan-expected_details3] PASSED [ 84%]
tests/test_game_logs.py::test_route_rejects_invalid_season_and_nonfinite_playstyle_before_service[playstyle_RTG_max=inf-expected_details4] PASSED [ 92%]
tests/test_game_logs.py::test_route_rejects_invalid_season_and_nonfinite_playstyle_before_service[playstyle_RTG_min=-inf-expected_details5] PASSED [100%]

============================== 13 passed in 1.40s ==============================

exit_code: 0
