Worktree: /private/tmp/statsplus-145/resumed-review-spec
Command: ['/private/tmp/statsplus-145/resumed-review-spec/.venv/bin/python', '-B', '-m', 'pytest', '-p', 'offline_guard', '-q', '--tb=short', '--junitxml=/private/tmp/statsplus-145/resumed-review-spec/.review-spec/17-self-stat.xml', 'tests/test_errors.py::test_game_logs_self_filter_failures_name_parameter_and_value']
============================= test session starts ==============================
platform darwin -- Python 3.11.9, pytest-9.1.1, pluggy-1.6.0
rootdir: /private/tmp/statsplus-145/resumed-review-spec
configfile: pytest.ini
plugins: mock-3.15.1, cov-7.1.0, xdist-3.8.0, anyio-4.14.2
collected 1 item

tests/test_errors.py F                                                   [100%]

=================================== FAILURES ===================================
_________ test_game_logs_self_filter_failures_name_parameter_and_value _________
tests/test_errors.py:442: in test_game_logs_self_filter_failures_name_parameter_and_value
    rejected = _rejected_filters(response.get_json()["error"]["details"])
                                 ^^^^^^^^^^^^^^^^^^^^^^^^^^^^^^^^^^^^^^^
E   KeyError: 'details'
------------------------------ Captured log call -------------------------------
WARNING  app.utils.firebase_admin:firebase_admin.py:31 Firebase Admin disabled via FIREBASE_ADMIN_DISABLED - local dev only
WARNING  app.utils.auth:auth.py:229 Firebase unavailable; using explicitly enabled local auth bypass
ERROR    app.errors:errors.py:157 Application error code=invalid_input detail=1 validation error for GameLogQuery
self_filters.stat
  Value error, self_filter contains unsupported stat 'BOGUS'. Supported stats are: MIN, PTS, REB, AST, STL, BLK, TOV, FGA, FG3A, FTA, FGM, FG3M, FTM, FG_PCT, OREB, DREB, PF, PRA, PA, PR, RA, STKS, FD_PTS [type=value_error, input_value='BOGUS', input_type=str]
    For further information visit https://errors.pydantic.dev/2.13/v/value_error
- generated xml file: /private/tmp/statsplus-145/resumed-review-spec/.review-spec/17-self-stat.xml -
=========================== short test summary info ============================
FAILED tests/test_errors.py::test_game_logs_self_filter_failures_name_parameter_and_value
============================== 1 failed in 0.52s ===============================

EXACT MUTATION AGAINST CANDIDATE
--- app/models/game_logs.py (candidate)
+++ app/models/game_logs.py (mutant)
@@ -198,18 +198,10 @@
     def normalize_stat(cls, value: Any) -> str:
         stat = str(value).strip().upper()
         if not stat:
-            raise GameLogFilterError(
-                "self_filters[]",
-                (value,),
-                "self_filter stat must not be empty",
-            )
+            raise ValueError("self_filter stat must not be empty")
         if stat not in SUPPORTED_SELF_FILTER_STATS:
-            raise GameLogFilterError(
-                f"self_filters[{stat}]",
-                (value,),
-                f"self_filter contains unsupported stat {stat!r}. Supported stats are: "
-                + ", ".join(SUPPORTED_SELF_FILTER_STATS),
-            )
+            raise ValueError(f"self_filter contains unsupported stat {stat!r}. Supported stats are: "
+                + ", ".join(SUPPORTED_SELF_FILTER_STATS))
         return stat
 
     @field_validator("value", "value2", mode="before")
