Worktree: /private/tmp/statsplus-145/resumed-review-spec
Command: ['/private/tmp/statsplus-145/resumed-review-spec/.venv/bin/python', '-B', '-m', 'pytest', '-p', 'offline_guard', '-q', '--tb=short', '--junitxml=/private/tmp/statsplus-145/resumed-review-spec/.review-spec/03-vocabulary.xml', 'tests/test_errors.py::test_game_logs_teams_against_rejection_carries_the_canonical_vocabulary']
============================= test session starts ==============================
platform darwin -- Python 3.11.9, pytest-9.1.1, pluggy-1.6.0
rootdir: /private/tmp/statsplus-145/resumed-review-spec
configfile: pytest.ini
plugins: mock-3.15.1, cov-7.1.0, xdist-3.8.0, anyio-4.14.2
collected 1 item

tests/test_errors.py F                                                   [100%]

=================================== FAILURES ===================================
___ test_game_logs_teams_against_rejection_carries_the_canonical_vocabulary ____
tests/test_errors.py:267: in test_game_logs_teams_against_rejection_carries_the_canonical_vocabulary
    assert details["supported_values"] == list(SUPPORTED_TEAM_FILTERS)
E   AssertionError: assert [] == ['OPP_PTS', '...OPP_TOV', ...]
E     
E     Right contains 35 more items, first extra item: 'OPP_PTS'
E     Use -v to get more diff
------------------------------ Captured log call -------------------------------
WARNING  app.utils.firebase_admin:firebase_admin.py:31 Firebase Admin disabled via FIREBASE_ADMIN_DISABLED - local dev only
WARNING  app.utils.auth:auth.py:229 Firebase unavailable; using explicitly enabled local auth bypass
ERROR    app.errors:errors.py:157 Application error code=invalid_input detail=1 validation error for GameLogQuery
teams_against
  Value error, teams_against contains unsupported filters: ['NotAFilter']. Supported filters are: OPP_PTS, OPP_REB, OPP_AST, OPP_STOCKS, OPP_FTA, OPP_TOV, OPP_BLK, OPP_STL, OPP_FG3M, OPP_FG3A, C&S 3s, C&S PTS, C&S 3A, PU 2s, PU 3s, PU PTS, Less Than 10 ft, Transition, Isolation, PRBallHandler, PRRollMan, OffRebound, Spotup, Cut, Handoff, OffScreen, Misc, Postup, TwoPtAssists, ThreePtAssists, Arc3Assists, Corner3Assists, AtRimAssists, ShortMidRangeAssists, LongMidRangeAssists [type=value_error, input_value=['NotAFilter'], input_type=list]
    For further information visit https://errors.pydantic.dev/2.13/v/value_error
- generated xml file: /private/tmp/statsplus-145/resumed-review-spec/.review-spec/03-vocabulary.xml -
=========================== short test summary info ============================
FAILED tests/test_errors.py::test_game_logs_teams_against_rejection_carries_the_canonical_vocabulary
============================== 1 failed in 0.51s ===============================

EXACT MUTATION AGAINST CANDIDATE
--- app/models/game_logs.py (candidate)
+++ app/models/game_logs.py (mutant)
@@ -526,7 +526,7 @@
                 + ", ".join(SUPPORTED_TEAM_FILTERS),
                 # The canonical vocabulary travels with the refusal, so a
                 # caller never needs a copy of these constants to recover.
-                supported_values=tuple(SUPPORTED_TEAM_FILTERS),
+                supported_values=(),
                 supported_aliases=tuple(TEAM_FILTER_ALIASES),
             )
         return value
