Worktree: /private/tmp/statsplus-145/resumed-review-spec
Command: ['/private/tmp/statsplus-145/resumed-review-spec/.venv/bin/python', '-B', '-m', 'pytest', '-p', 'offline_guard', '-q', '--tb=short', '--junitxml=/private/tmp/statsplus-145/resumed-review-spec/.review-spec/01-central.xml', 'tests/test_errors.py::test_game_logs_invalid_input_uses_central_handler']
============================= test session starts ==============================
platform darwin -- Python 3.11.9, pytest-9.1.1, pluggy-1.6.0
rootdir: /private/tmp/statsplus-145/resumed-review-spec
configfile: pytest.ini
plugins: mock-3.15.1, cov-7.1.0, xdist-3.8.0, anyio-4.14.2
collected 1 item

tests/test_errors.py F                                                   [100%]

=================================== FAILURES ===================================
______________ test_game_logs_invalid_input_uses_central_handler _______________
tests/test_errors.py:216: in test_game_logs_invalid_input_uses_central_handler
    assert error["message"] == "One or more game log filters are invalid."
E   AssertionError: assert 'Invalid filters.' == 'One or more ... are invalid.'
E     
E     - One or more game log filters are invalid.
E     + Invalid filters.
------------------------------ Captured log call -------------------------------
WARNING  app.utils.firebase_admin:firebase_admin.py:31 Firebase Admin disabled via FIREBASE_ADMIN_DISABLED - local dev only
WARNING  app.utils.auth:auth.py:229 Firebase unavailable; using explicitly enabled local auth bypass
ERROR    app.errors:errors.py:157 Application error code=invalid_input detail=1 validation error for GameLogQuery
minutes_filter
  Value error, minutes_filter must contain two integer values [type=value_error, input_value='not-a-range', input_type=str]
    For further information visit https://errors.pydantic.dev/2.13/v/value_error
- generated xml file: /private/tmp/statsplus-145/resumed-review-spec/.review-spec/01-central.xml -
=========================== short test summary info ============================
FAILED tests/test_errors.py::test_game_logs_invalid_input_uses_central_handler
============================== 1 failed in 0.69s ===============================

EXACT MUTATION AGAINST CANDIDATE
--- app/routes/game_routes.py (candidate)
+++ app/routes/game_routes.py (mutant)
@@ -129,7 +129,7 @@
         return player_name, GameLogQuery(**filters)
     except ValidationError as error:
         raise InvalidInputError(
-            "One or more game log filters are invalid.",
+            "Invalid filters.",
             detail=error,
             public_details=_game_log_validation_details(error, filters),
         ) from error
