Command: /private/tmp/statsplus-145/review-3-standards/.venv/bin/python -B /private/tmp/statsplus-145/review-3-standards/.review3/runner.py tests/test_errors.py -k test_review3_
============================= test session starts ==============================
platform darwin -- Python 3.11.9, pytest-9.1.1, pluggy-1.6.0 -- /private/tmp/statsplus-145/review-3-standards/.venv/bin/python
rootdir: /private/tmp/statsplus-145/review-3-standards
configfile: pytest.ini
collecting ... collected 83 items / 53 deselected / 30 selected

tests/test_errors.py::test_review3_intact_quoted_credentials['-token-minutes_filter] PASSED [  3%]
tests/test_errors.py::test_review3_intact_quoted_credentials['-token-self_filters[PTS]] PASSED [  6%]
tests/test_errors.py::test_review3_intact_quoted_credentials['-token-self_filters[ pts ]] PASSED [ 10%]
tests/test_errors.py::test_review3_intact_quoted_credentials['-token-self_filters[BOGUS]] PASSED [ 13%]
tests/test_errors.py::test_review3_intact_quoted_credentials['-token-self_filters[]] PASSED [ 16%]
tests/test_errors.py::test_review3_intact_quoted_credentials['-password-minutes_filter] PASSED [ 20%]
tests/test_errors.py::test_review3_intact_quoted_credentials['-password-self_filters[PTS]] PASSED [ 23%]
tests/test_errors.py::test_review3_intact_quoted_credentials['-password-self_filters[ pts ]] PASSED [ 26%]
tests/test_errors.py::test_review3_intact_quoted_credentials['-password-self_filters[BOGUS]] PASSED [ 30%]
tests/test_errors.py::test_review3_intact_quoted_credentials['-password-self_filters[]] PASSED [ 33%]
tests/test_errors.py::test_review3_intact_quoted_credentials["-token-minutes_filter] PASSED [ 36%]
tests/test_errors.py::test_review3_intact_quoted_credentials["-token-self_filters[PTS]] PASSED [ 40%]
tests/test_errors.py::test_review3_intact_quoted_credentials["-token-self_filters[ pts ]] PASSED [ 43%]
tests/test_errors.py::test_review3_intact_quoted_credentials["-token-self_filters[BOGUS]] PASSED [ 46%]
tests/test_errors.py::test_review3_intact_quoted_credentials["-token-self_filters[]] PASSED [ 50%]
tests/test_errors.py::test_review3_intact_quoted_credentials["-password-minutes_filter] PASSED [ 53%]
tests/test_errors.py::test_review3_intact_quoted_credentials["-password-self_filters[PTS]] PASSED [ 56%]
tests/test_errors.py::test_review3_intact_quoted_credentials["-password-self_filters[ pts ]] PASSED [ 60%]
tests/test_errors.py::test_review3_intact_quoted_credentials["-password-self_filters[BOGUS]] PASSED [ 63%]
tests/test_errors.py::test_review3_intact_quoted_credentials["-password-self_filters[]] PASSED [ 66%]
tests/test_errors.py::test_review3_empty_brackets[a-expected0] PASSED    [ 70%]
tests/test_errors.py::test_review3_empty_brackets[a,b-expected1] PASSED  [ 73%]
tests/test_errors.py::test_review3_empty_brackets[1,2-expected2] PASSED  [ 76%]
tests/test_errors.py::test_review3_empty_brackets[-expected3] PASSED     [ 80%]
tests/test_errors.py::test_review3_long_ordinary_fragments[0,AAAAAAAAAAAAAAAAAAAAAAAAAAAAAAAAAAAAAAAAAAAAAAAAAAAAAAAAAAAAAAAAAAAAAAAAAAAAAAAAAAAAAAAAAAAAAAAAAAAAAAAAAAAAAAAAAAAAAAAAAAAAAAAAAAAAAAAAAAAAAAAAAAAAAAAAAAAAAAAAAAAAAAAAAAAAAAAAAAAAAAAAAAAAAAAAAAAAAAAAAAAAAAAAAAAAAAAAAAAAAAAAAAAAAAAAAAAAAAAAAAAAAAAAAAAAAAAAAAAAAAAAAAAAAAAAAAAAAAAAAAAAAAAAAAAAAAAAAAAA-expected0-minutes_filter] PASSED [ 83%]
tests/test_errors.py::test_review3_long_ordinary_fragments[0,AAAAAAAAAAAAAAAAAAAAAAAAAAAAAAAAAAAAAAAAAAAAAAAAAAAAAAAAAAAAAAAAAAAAAAAAAAAAAAAAAAAAAAAAAAAAAAAAAAAAAAAAAAAAAAAAAAAAAAAAAAAAAAAAAAAAAAAAAAAAAAAAAAAAAAAAAAAAAAAAAAAAAAAAAAAAAAAAAAAAAAAAAAAAAAAAAAAAAAAAAAAAAAAAAAAAAAAAAAAAAAAAAAAAAAAAAAAAAAAAAAAAAAAAAAAAAAAAAAAAAAAAAAAAAAAAAAAAAAAAAAAAAAAAAAAAAAAAAAAA-expected0-self_filters[PTS]] PASSED [ 86%]
tests/test_errors.py::test_review3_long_ordinary_fragments[000000000000000000000000000000000000000000000000000000000000000000000000000000000000000000000000000000000000000000000000000000000000000000000000000000000000000000000000000000000000000000000000000000000,bad-expected1-minutes_filter] PASSED [ 90%]
tests/test_errors.py::test_review3_long_ordinary_fragments[000000000000000000000000000000000000000000000000000000000000000000000000000000000000000000000000000000000000000000000000000000000000000000000000000000000000000000000000000000000000000000000000000000000,bad-expected1-self_filters[PTS]] PASSED [ 93%]
tests/test_errors.py::test_review3_long_ordinary_fragments[a,20-expected2-minutes_filter] PASSED [ 96%]
tests/test_errors.py::test_review3_long_ordinary_fragments[a,20-expected2-self_filters[PTS]] PASSED [100%]

====================== 30 passed, 53 deselected in 0.73s =======================
