Command: /private/tmp/statsplus-145/review-3-standards/.venv/bin/python -B /private/tmp/statsplus-145/review-3-standards/.review3/runner.py tests/test_errors.py::test_game_logs_published_parameter_names_are_bounded tests/test_errors.py::test_game_logs_parameter_names_are_redacted_and_bounded_too
============================= test session starts ==============================
platform darwin -- Python 3.11.9, pytest-9.1.1, pluggy-1.6.0 -- /private/tmp/statsplus-145/review-3-standards/.venv/bin/python
rootdir: /private/tmp/statsplus-145/review-3-standards
configfile: pytest.ini
collecting ... collected 2 items

tests/test_errors.py::test_game_logs_published_parameter_names_are_bounded FAILED [ 50%]
tests/test_errors.py::test_game_logs_parameter_names_are_redacted_and_bounded_too PASSED [100%]

=================================== FAILURES ===================================
_____________ test_game_logs_published_parameter_names_are_bounded _____________
tests/test_errors.py:462: in test_game_logs_published_parameter_names_are_bounded
    assert len(entry["parameter"]) == 200
E   AssertionError: assert 314 == 200
E    +  where 314 = len('self_filters[AAAAAAAAAAAAAAAAAAAAAAAAAAAAAAAAAAAAAAAAAAAAAAAAAAAAAAAAAAAAAAAAAAAAAAAAAAAAAAAAAAAAAAAAAAAAAAAAAAAAAAAAAAAAAAAAAAAAAAAAAAAAAAAAAAAAAAAAAAAAAAAAAAAAAAAAAAAAAAAAAAAAAAAAAAAAAAAAAAAAAAAAAAAAAAAAAAAAAAAAAAAAAAAAAAAAAAAAAAAAAAAAAAAAAAAAAAAAAAAAAAAAAAAAAAAAAAAAAAAAAAAAAAAAAAAAAAAAAAAAAAAAAAAAAAAAAAAAAAAA]')
------------------------------ Captured log call -------------------------------
WARNING  app.utils.firebase_admin:firebase_admin.py:31 Firebase Admin disabled via FIREBASE_ADMIN_DISABLED - local dev only
WARNING  app.utils.auth:auth.py:229 Firebase unavailable; using explicitly enabled local auth bypass
ERROR    app.errors:errors.py:157 Application error code=invalid_input detail=1 validation error for GameLogQuery
self_filters.stat
  Value error, self_filter contains unsupported stat 'AAAAAAAAAAAAAAAAAAAAAAAAAAAAAAAAAAAAAAAAAAAAAAAAAAAAAAAAAAAAAAAAAAAAAAAAAAAAAAAAAAAAAAAAAAAAAAAAAAAAAAAAAAAAAAAAAAAAAAAAAAAAAAAAAAAAAAAAAAAAAAAAAAAAAAAAAAAAAAAAAAAAAAAAAAAAAAAAAAAAAAAAAAAAAAAAAAAAAAAAAAAAAAAAAAAAAAAAAAAAAAAAAAAAAAAAAAAAAAAAAAAAAAAAAAAAAAAAAAAAAAAAAAAAAAAAAAAAAAAAAAAAAAAAAAAAAAAAAAAA'. Supported stats are: MIN, PTS, REB, AST, STL, BLK, TOV, FGA, FG3A, FTA, FGM, FG3M, FTM, FG_PCT, OREB, DREB, PF, PRA, PA, PR, RA, STKS, FD_PTS [type=value_error, input_value='AAAAAAAAAAAAAAAAAAAAAAAA...AAAAAAAAAAAAAAAAAAAAAAA', input_type=str]
    For further information visit https://errors.pydantic.dev/2.13/v/value_error
=========================== short test summary info ============================
FAILED tests/test_errors.py::test_game_logs_published_parameter_names_are_bounded
========================= 1 failed, 1 passed in 0.54s ==========================
