Command: /private/tmp/statsplus-145/review-4-standards/.venv/bin/python -B /private/tmp/statsplus-145/review-4-standards/.review4/runner.py tests/test_errors.py::test_game_logs_empty_stat_key_names_the_submitted_parameter_for_ranges
============================= test session starts ==============================
platform darwin -- Python 3.11.9, pytest-9.1.1, pluggy-1.6.0 -- /private/tmp/statsplus-145/review-4-standards/.venv/bin/python
rootdir: /private/tmp/statsplus-145/review-4-standards
configfile: pytest.ini
collecting ... collected 1 item

tests/test_errors.py::test_game_logs_empty_stat_key_names_the_submitted_parameter_for_ranges FAILED [100%]

=================================== FAILURES ===================================
____ test_game_logs_empty_stat_key_names_the_submitted_parameter_for_ranges ____
tests/test_errors.py:549: in test_game_logs_empty_stat_key_names_the_submitted_parameter_for_ranges
    assert rejected == {"self_filters[]": ["a"]}
E   AssertionError: assert {'self_filters': ['a']} == {'self_filters[]': ['a']}
E     
E     Left contains 1 more item:
E     {'self_filters': ['a']}
E     Right contains 1 more item:
E     {'self_filters[]': ['a']}
E     
E     Full diff:...
E     
E     ...Full output truncated (7 lines hidden), use '-vv' to show
------------------------------ Captured log call -------------------------------
WARNING  app.utils.firebase_admin:firebase_admin.py:31 Firebase Admin disabled via FIREBASE_ADMIN_DISABLED - local dev only
WARNING  app.utils.auth:auth.py:229 Firebase unavailable; using explicitly enabled local auth bypass
ERROR    app.errors:errors.py:165 Application error code=invalid_input detail=1 validation error for GameLogQuery
self_filters
  Value error, self_filter for '' must contain min,max values [type=value_error, input_value=[('', 'a')], input_type=list]
    For further information visit https://errors.pydantic.dev/2.13/v/value_error
=========================== short test summary info ============================
FAILED tests/test_errors.py::test_game_logs_empty_stat_key_names_the_submitted_parameter_for_ranges
============================== 1 failed in 0.51s ===============================
