Command: /private/tmp/statsplus-145/review-4-standards/.venv/bin/python -B /private/tmp/statsplus-145/review-4-standards/.review4/runner.py tests/test_errors.py::test_game_logs_repeated_same_stat_keeps_ordinary_fragments
============================= test session starts ==============================
platform darwin -- Python 3.11.9, pytest-9.1.1, pluggy-1.6.0 -- /private/tmp/statsplus-145/review-4-standards/.venv/bin/python
rootdir: /private/tmp/statsplus-145/review-4-standards
configfile: pytest.ini
collecting ... collected 1 item

tests/test_errors.py::test_game_logs_repeated_same_stat_keeps_ordinary_fragments FAILED [100%]

=================================== FAILURES ===================================
__________ test_game_logs_repeated_same_stat_keeps_ordinary_fragments __________
tests/test_errors.py:595: in test_game_logs_repeated_same_stat_keeps_ordinary_fragments
    assert rejected == {"self_filters[PTS]": ["bad"]}
E   AssertionError: assert {'self_filter...=[REDACTED]']} == {'self_filters[PTS]': ['bad']}
E     
E     Differing items:
E     {'self_filters[PTS]': ['token=[REDACTED]']} != {'self_filters[PTS]': ['bad']}
E     
E     Full diff:
E       {
E           'self_filters[PTS]': [...
E     
E     ...Full output truncated (4 lines hidden), use '-vv' to show
------------------------------ Captured log call -------------------------------
WARNING  app.utils.firebase_admin:firebase_admin.py:31 Firebase Admin disabled via FIREBASE_ADMIN_DISABLED - local dev only
WARNING  app.utils.auth:auth.py:229 Firebase unavailable; using explicitly enabled local auth bypass
ERROR    app.errors:errors.py:165 Application error code=invalid_input detail=1 validation error for GameLogQuery
self_filters
  Value error, self_filter for 'PTS' must contain min,max values [type=value_error, input_value=[('PTS', 'bad'), ('PTS', ...'bad,synthetic-right'")], input_type=list]
    For further information visit https://errors.pydantic.dev/2.13/v/value_error
=========================== short test summary info ============================
FAILED tests/test_errors.py::test_game_logs_repeated_same_stat_keeps_ordinary_fragments
============================== 1 failed in 0.50s ===============================
