============================= test session starts ==============================
platform darwin -- Python 3.11.9, pytest-9.1.1, pluggy-1.6.0 -- /private/tmp/statsplus-145/review-3-standards/.venv/bin/python
rootdir: /private/tmp/statsplus-145/review-3-standards
configfile: pytest.ini
collecting ... collected 137 items

tests/test_errors.py::test_public_error_categories_have_stable_responses[/invalid-input-400-invalid_input-The minutes filter is invalid.] PASSED [  0%]
tests/test_errors.py::test_public_error_categories_have_stable_responses[/missing-resource-404-resource_not_found-The requested player was not found.] PASSED [  1%]
tests/test_errors.py::test_public_error_categories_have_stable_responses[/provider-unavailable-503-provider_unavailable-An upstream provider is currently unavailable. Please try again later.] PASSED [  2%]
tests/test_errors.py::test_public_error_categories_have_stable_responses[/invalid-configuration-500-invalid_configuration-The server configuration is invalid.] PASSED [  2%]
tests/test_errors.py::test_internal_exception_details_are_sanitized_and_logged_once PASSED [  3%]
tests/test_errors.py::test_sensitive_diagnostic_details_are_redacted_without_losing_context PASSED [  4%]
tests/test_errors.py::test_app_error_defaults_to_safe_public_message PASSED [  5%]
tests/test_errors.py::test_route_error_boundary_preserves_expected_application_errors PASSED [  5%]
tests/test_errors.py::test_route_error_boundary_translates_unexpected_errors_without_logging PASSED [  6%]
tests/test_errors.py::test_game_logs_invalid_input_uses_central_handler PASSED [  7%]
tests/test_errors.py::test_game_logs_rejected_teams_against_names_parameter_and_values PASSED [  8%]
tests/test_errors.py::test_game_logs_teams_against_rejection_carries_the_canonical_vocabulary PASSED [  8%]
tests/test_errors.py::test_game_logs_rejected_opponent_tricode_names_parameter_and_value PASSED [  9%]
tests/test_errors.py::test_game_logs_rank_filter_rejection_reports_every_unusable_entry PASSED [ 10%]
tests/test_errors.py::test_game_logs_model_level_alignment_failure_names_submitted_values PASSED [ 10%]
tests/test_errors.py::test_game_logs_range_failures_name_their_submitted_values PASSED [ 11%]
tests/test_errors.py::test_game_logs_playstyle_failures_use_the_separate_query_names PASSED [ 12%]
tests/test_errors.py::test_game_logs_reversed_playstyle_range_names_submitted_bounds PASSED [ 13%]
tests/test_errors.py::test_game_logs_rejected_self_filter_numeric_values_name_the_stat PASSED [ 13%]
tests/test_errors.py::test_game_logs_rejected_self_filter_zero_bound_survives PASSED [ 14%]
tests/test_errors.py::test_game_logs_parameter_names_are_redacted_and_bounded_too PASSED [ 15%]
tests/test_errors.py::test_game_logs_published_parameter_names_are_bounded PASSED [ 16%]
tests/test_errors.py::test_game_logs_split_credential_values_redact_the_complete_value PASSED [ 16%]
tests/test_errors.py::test_game_logs_quoted_password_across_split_is_redacted PASSED [ 17%]
tests/test_errors.py::test_game_logs_split_credential_in_minutes_is_redacted PASSED [ 18%]
tests/test_errors.py::test_game_logs_ordinary_split_values_stay_identifiable PASSED [ 18%]
tests/test_errors.py::test_game_logs_empty_stat_key_names_the_submitted_parameter PASSED [ 19%]
tests/test_errors.py::test_game_logs_published_values_are_bounded PASSED [ 20%]
tests/test_errors.py::test_game_logs_details_carry_only_the_documented_facts PASSED [ 21%]
tests/test_errors.py::test_game_logs_scalar_parse_failures_name_parameter_and_value PASSED [ 21%]
tests/test_errors.py::test_game_logs_known_failures_survive_other_unknown_failures PASSED [ 22%]
tests/test_errors.py::test_game_log_validation_details_keep_known_and_skip_unknown PASSED [ 23%]
tests/test_errors.py::test_game_logs_season_failure_names_parameter_and_value PASSED [ 24%]
tests/test_errors.py::test_game_logs_minutes_part_failures_name_the_offending_part PASSED [ 24%]
tests/test_errors.py::test_game_logs_self_filter_failures_name_parameter_and_value PASSED [ 25%]
tests/test_errors.py::test_game_logs_game_filter_failure_names_parameter_and_value PASSED [ 26%]
tests/test_errors.py::test_game_logs_credential_looking_values_are_redacted_not_echoed PASSED [ 27%]
tests/test_errors.py::test_game_logs_rejected_values_stay_identifiable PASSED [ 27%]
tests/test_errors.py::test_game_logs_details_never_leak_pydantic_context_or_inputs PASSED [ 28%]
tests/test_errors.py::test_game_log_validation_details_skip_unknown_internal_failures PASSED [ 29%]
tests/test_errors.py::test_player_profile_missing_resource_uses_central_handler PASSED [ 29%]
tests/test_errors.py::test_player_profile_provider_failure_uses_central_handler PASSED [ 30%]
tests/test_errors.py::test_missing_auth_header_uses_nested_error_contract PASSED [ 31%]
tests/test_errors.py::test_non_admin_auth_uses_nested_error_contract PASSED [ 32%]
tests/test_errors.py::test_invalid_token_details_are_not_exposed PASSED  [ 32%]
tests/test_errors.py::test_route_exception_details_are_not_exposed PASSED [ 33%]
tests/test_errors.py::test_nl_query_missing_query_uses_nested_error_contract PASSED [ 34%]
tests/test_errors.py::test_health_failure_uses_nested_error_contract PASSED [ 35%]
tests/test_errors.py::test_data_route_failure_uses_nested_error_contract PASSED [ 35%]
tests/test_errors.py::test_team_missing_data_uses_nested_error_contract PASSED [ 36%]
tests/test_errors.py::test_user_route_exception_details_are_not_exposed PASSED [ 37%]
tests/test_errors.py::test_error_details_are_omitted_unless_a_failure_states_them PASSED [ 37%]
tests/test_errors.py::test_error_details_carry_safe_structured_facts PASSED [ 38%]
tests/test_game_logs.py::test_game_log_query_accepts_typed_and_raw_filters PASSED [ 39%]
tests/test_game_logs.py::test_game_log_query_trims_and_validates_canonical_season PASSED [ 40%]
tests/test_game_logs.py::test_game_log_query_normalizes_one_specific_opponent_tricode PASSED [ 40%]
tests/test_game_logs.py::test_game_log_query_defaults_to_no_specific_opponent PASSED [ 41%]
tests/test_game_logs.py::test_game_log_query_rejects_invalid_season[] PASSED [ 42%]
tests/test_game_logs.py::test_game_log_query_rejects_invalid_season[potato] PASSED [ 43%]
tests/test_game_logs.py::test_game_log_query_rejects_invalid_season[2024-27] PASSED [ 43%]
tests/test_game_logs.py::test_game_log_query_rejects_nonfinite_playstyle_range[nan] PASSED [ 44%]
tests/test_game_logs.py::test_game_log_query_rejects_nonfinite_playstyle_range[inf] PASSED [ 45%]
tests/test_game_logs.py::test_game_log_query_rejects_nonfinite_playstyle_range[-inf] PASSED [ 45%]
tests/test_game_logs.py::test_game_log_query_rejects_malformed_filters[kwargs0] PASSED [ 46%]
tests/test_game_logs.py::test_game_log_query_rejects_malformed_filters[kwargs1] PASSED [ 47%]
tests/test_game_logs.py::test_game_log_query_rejects_malformed_filters[kwargs2] PASSED [ 48%]
tests/test_game_logs.py::test_game_log_query_rejects_malformed_filters[kwargs3] PASSED [ 48%]
tests/test_game_logs.py::test_game_log_query_rejects_malformed_filters[kwargs4] PASSED [ 49%]
tests/test_game_logs.py::test_game_log_query_rejects_malformed_filters[kwargs5] PASSED [ 50%]
tests/test_game_logs.py::test_game_log_query_rejects_malformed_filters[kwargs6] PASSED [ 51%]
tests/test_game_logs.py::test_game_log_query_rejects_malformed_filters[kwargs7] PASSED [ 51%]
tests/test_game_logs.py::test_game_log_query_rejects_malformed_filters[kwargs8] PASSED [ 52%]
tests/test_game_logs.py::test_game_log_query_rejects_malformed_filters[kwargs9] PASSED [ 53%]
tests/test_game_logs.py::test_game_log_query_rejects_malformed_filters[kwargs10] PASSED [ 54%]
tests/test_game_logs.py::test_game_log_query_rejects_malformed_filters[kwargs11] PASSED [ 54%]
tests/test_game_logs.py::test_game_log_query_game_filter_keeps_the_http_integer_grammar PASSED [ 55%]
tests/test_game_logs.py::test_game_log_query_rejects_unsupported_closed_filters[kwargs0] PASSED [ 56%]
tests/test_game_logs.py::test_game_log_query_rejects_unsupported_closed_filters[kwargs1] PASSED [ 56%]
tests/test_game_logs.py::test_game_log_query_rejects_unsupported_closed_filters[kwargs2] PASSED [ 57%]
tests/test_game_logs.py::test_documented_self_filter_stats_are_accepted[MIN] PASSED [ 58%]
tests/test_game_logs.py::test_documented_self_filter_stats_are_accepted[FG_PCT] PASSED [ 59%]
tests/test_game_logs.py::test_documented_self_filter_stats_are_accepted[OREB] PASSED [ 59%]
tests/test_game_logs.py::test_documented_self_filter_stats_are_accepted[DREB] PASSED [ 60%]
tests/test_game_logs.py::test_documented_self_filter_stats_are_accepted[PF] PASSED [ 61%]
tests/test_game_logs.py::test_documented_self_filter_stats_are_accepted[PRA] PASSED [ 62%]
tests/test_game_logs.py::test_documented_self_filter_stats_are_accepted[PA] PASSED [ 62%]
tests/test_game_logs.py::test_documented_self_filter_stats_are_accepted[PR] PASSED [ 63%]
tests/test_game_logs.py::test_documented_self_filter_stats_are_accepted[RA] PASSED [ 64%]
tests/test_game_logs.py::test_documented_self_filter_stats_are_accepted[STKS] PASSED [ 64%]
tests/test_game_logs.py::test_documented_self_filter_stats_are_accepted[FD_PTS] PASSED [ 65%]
tests/test_game_logs.py::test_typed_self_filter_operators_are_applied_exactly[gte-25-None-expected_points0] PASSED [ 66%]
tests/test_game_logs.py::test_typed_self_filter_operators_are_applied_exactly[gt-25-None-expected_points1] PASSED [ 67%]
tests/test_game_logs.py::test_typed_self_filter_operators_are_applied_exactly[lt-25-None-expected_points2] PASSED [ 67%]
tests/test_game_logs.py::test_typed_self_filter_operators_are_applied_exactly[lte-25-None-expected_points3] PASSED [ 68%]
tests/test_game_logs.py::test_typed_self_filter_operators_are_applied_exactly[eq-25-None-expected_points4] PASSED [ 69%]
tests/test_game_logs.py::test_typed_self_filter_operators_are_applied_exactly[between-20-30-expected_points5] PASSED [ 70%]
tests/test_game_logs.py::test_game_query_normalizes_legacy_nlp_self_filter_object PASSED [ 70%]
tests/test_game_logs.py::test_repeated_same_stat_filters_survive_legacy_normalization_and_filtering PASSED [ 71%]
tests/test_game_logs.py::test_less_than_ten_feet_filter_aliases_are_normalized[<10 Ft] PASSED [ 72%]
tests/test_game_logs.py::test_less_than_ten_feet_filter_aliases_are_normalized[<10 ft] PASSED [ 72%]
tests/test_game_logs.py::test_less_than_ten_feet_filter_aliases_are_normalized[Less Than 10 Ft] PASSED [ 73%]
tests/test_game_logs.py::test_game_log_response_models_plain_arrays PASSED [ 74%]
tests/test_game_logs.py::test_game_log_response_allows_empty_arrays PASSED [ 75%]
tests/test_game_logs.py::test_game_service_returns_plain_arrays_for_filtered_logs PASSED [ 75%]
tests/test_game_logs.py::test_get_filtered_logs_resolves_a_player_only_present_in_the_athlete_catalog PASSED [ 76%]
tests/test_game_logs.py::test_service_returns_empty_arrays_when_no_games_match PASSED [ 77%]
tests/test_game_logs.py::test_service_returns_no_logs_when_opponent_filter_resolves_empty PASSED [ 78%]
tests/test_game_logs.py::test_a_specific_opponent_keeps_only_games_against_that_team PASSED [ 78%]
tests/test_game_logs.py::test_a_specific_opponent_narrows_the_rank_based_opponent_filter PASSED [ 79%]
tests/test_game_logs.py::test_a_date_filter_trims_the_logs_while_rankings_stay_season_wide PASSED [ 80%]
tests/test_game_logs.py::test_the_same_team_filter_ranks_identically_with_and_without_a_date PASSED [ 81%]
tests/test_game_logs.py::test_a_historical_season_never_borrows_current_season_rankings PASSED [ 81%]
tests/test_game_logs.py::test_route_serves_a_legacy_date_plus_team_filter_url_unchanged PASSED [ 82%]
tests/test_game_logs.py::test_route_returns_empty_when_player_log_publication_is_unavailable PASSED [ 83%]
tests/test_game_logs.py::test_game_service_never_caches_player_logs_in_redis PASSED [ 83%]
tests/test_game_logs.py::test_malformed_provider_response_is_safe_503_without_app_failure PASSED [ 84%]
tests/test_game_logs.py::test_service_surfaces_provider_timeout PASSED   [ 85%]
tests/test_game_logs.py::test_filter_pipeline_applies_location_and_self_filters PASSED [ 86%]
tests/test_game_logs.py::test_route_preserves_repeated_same_stat_self_filters PASSED [ 86%]
tests/test_game_logs.py::test_apply_filters_with_no_opponent_query_keeps_all_games PASSED [ 87%]
tests/test_game_logs.py::test_apply_filters_with_empty_resolved_opponent_set_matches_zero_games PASSED [ 88%]
tests/test_game_logs.py::test_route_returns_arrays_from_typed_service PASSED [ 89%]
tests/test_game_logs.py::test_route_passes_a_specific_opponent_to_the_service PASSED [ 89%]
tests/test_game_logs.py::test_route_returns_400_for_malformed_filters[player_name=LeBron%20James&minutes_filter=not-a-range-expected_filters0] PASSED [ 90%]
tests/test_game_logs.py::test_route_returns_400_for_malformed_filters[player_name=LeBron%20James&location_filter=home-expected_filters1] PASSED [ 91%]
tests/test_game_logs.py::test_route_returns_400_for_malformed_filters[player_name=LeBron%20James&teams_against[]=OPP_PTS-expected_filters2] PASSED [ 91%]
tests/test_game_logs.py::test_route_returns_400_for_malformed_filters[player_name=LeBron%20James&opponent_tricode=XXX-expected_filters3] PASSED [ 92%]
tests/test_game_logs.py::test_route_returns_400_for_malformed_filters[player_name=LeBron%20James&opponent_tricode=-expected_filters4] PASSED [ 93%]
tests/test_game_logs.py::test_route_returns_400_for_malformed_filters[player_name=LeBron%20James&date_filter=not-a-date-expected_filters5] PASSED [ 94%]
tests/test_game_logs.py::test_route_returns_400_for_malformed_filters[player_name=LeBron%20James&game_filter=0-expected_filters6] PASSED [ 94%]
tests/test_game_logs.py::test_route_rejects_invalid_season_and_nonfinite_playstyle_before_service[season_filter=-expected_filters0] PASSED [ 95%]
tests/test_game_logs.py::test_route_rejects_invalid_season_and_nonfinite_playstyle_before_service[season_filter=potato-expected_filters1] PASSED [ 96%]
tests/test_game_logs.py::test_route_rejects_invalid_season_and_nonfinite_playstyle_before_service[season_filter=2024-27-expected_filters2] PASSED [ 97%]
tests/test_game_logs.py::test_route_rejects_invalid_season_and_nonfinite_playstyle_before_service[playstyle_RTG_min=nan-expected_filters3] PASSED [ 97%]
tests/test_game_logs.py::test_route_rejects_invalid_season_and_nonfinite_playstyle_before_service[playstyle_RTG_max=inf-expected_filters4] PASSED [ 98%]
tests/test_game_logs.py::test_route_rejects_invalid_season_and_nonfinite_playstyle_before_service[playstyle_RTG_min=-inf-expected_filters5] PASSED [ 99%]
tests/test_game_logs.py::test_route_returns_400_when_player_name_missing PASSED [100%]

============================= 137 passed in 2.04s ==============================
