============================= test session starts ==============================
platform darwin -- Python 3.11.9, pytest-9.1.1, pluggy-1.6.0
rootdir: /private/tmp/statsplus-145/review-spec
configfile: pytest.ini
plugins: mock-3.15.1, cov-7.1.0, xdist-3.8.0, anyio-4.14.2
collected 1 item

tests/test_errors.py F                                                   [100%]

=================================== FAILURES ===================================
_____________ test_game_logs_range_failures_name_their_parameters ______________
tests/test_errors.py:302: in test_game_logs_range_failures_name_their_parameters
    assert details == {
E   AssertionError: assert {'filters': [...lues': None}]} == {'filters': [...lues': None}]}
E     
E     Differing items:
E     {'filters': [{'parameter': 'wrong_parameter', 'values': None}]} != {'filters': [{'parameter': 'minutes_filter', 'values': None}]}
E     Use -v to get more diff
------------------------------ Captured log call -------------------------------
WARNING  app.utils.firebase_admin:firebase_admin.py:31 Firebase Admin disabled via FIREBASE_ADMIN_DISABLED - local dev only
WARNING  app.utils.auth:auth.py:229 Firebase unavailable; using explicitly enabled local auth bypass
ERROR    app.errors:errors.py:136 Application error code=invalid_input detail=1 validation error for GameLogQuery
  Value error, minutes_filter min must not exceed minutes_filter max [type=value_error, input_value={'season_filter': '2025-2...0'], 'self_filters': []}, input_type=dict]
    For further information visit https://errors.pydantic.dev/2.13/v/value_error
=========================== short test summary info ============================
FAILED tests/test_errors.py::test_game_logs_range_failures_name_their_parameters
============================== 1 failed in 0.40s ===============================
